// Jest Snapshot v1, https://goo.gl/fbAQLP

exports[`<Profile /> matches snapshot 1`] = `
<div>
  <div>
    <b>
      louis
    </b>
    Â 
    <span>
      (
      tak
      )
    </span>
  </div>
</div>
`;
