// Jest Snapshot v1, https://goo.gl/fbAQLP

exports[`<Profile /> mathces snapshot 1`] = `
<Profile
  name="tak"
  username="louis"
>
  <div>
    <b>
      louis
    </b>
    Â 
    <span>
      (
      tak
      )
    </span>
  </div>
</Profile>
`;
